Copyright 1986-2018 Xilinx, Inc. All Rights Reserved.
------------------------------------------------------------------------------------
| Tool Version : Vivado v.2018.3 (win64) Build 2405991 Thu Dec  6 23:38:27 MST 2018
| Date         : Thu Jun 18 11:01:26 2020
| Host         : DESKTOP-J26TQC9 running 64-bit major release  (build 9200)
| Command      : report_clock_utilization -file TOP_RB_clock_utilization_routed.rpt
| Design       : TOP_RB
| Device       : 7z100-ffg900
| Speed File   : -2  PRODUCTION 1.11 2014-09-11
------------------------------------------------------------------------------------

Clock Utilization Report

Table of Contents
-----------------
1. Clock Primitive Utilization
2. Global Clock Resources
3. Global Clock Source Details
4. Clock Regions: Key Resource Utilization
5. Clock Regions : Global Clock Summary
6. Device Cell Placement Summary for Global Clock g0
7. Device Cell Placement Summary for Global Clock g1
8. Device Cell Placement Summary for Global Clock g2
9. Device Cell Placement Summary for Global Clock g3
10. Device Cell Placement Summary for Global Clock g4
11. Device Cell Placement Summary for Global Clock g5
12. Clock Region Cell Placement per Global Clock: Region X1Y0
13. Clock Region Cell Placement per Global Clock: Region X1Y1
14. Clock Region Cell Placement per Global Clock: Region X0Y2
15. Clock Region Cell Placement per Global Clock: Region X1Y2
16. Clock Region Cell Placement per Global Clock: Region X1Y3

1. Clock Primitive Utilization
------------------------------

+----------+------+-----------+-----+--------------+--------+
| Type     | Used | Available | LOC | Clock Region | Pblock |
+----------+------+-----------+-----+--------------+--------+
| BUFGCTRL |    6 |        32 |   0 |            0 |      0 |
| BUFH     |    0 |       168 |   0 |            0 |      0 |
| BUFIO    |    0 |        32 |   0 |            0 |      0 |
| BUFMR    |    0 |        16 |   0 |            0 |      0 |
| BUFR     |    0 |        32 |   0 |            0 |      0 |
| MMCM     |    1 |         8 |   0 |            0 |      0 |
| PLL      |    0 |         8 |   0 |            0 |      0 |
+----------+------+-----------+-----+--------------+--------+


2. Global Clock Resources
-------------------------

+-----------+-----------+-----------------+------------+----------------+--------------+-------------------+-------------+-----------------+--------------+---------------------------------------------------------------------------------------------------------------------------------------------+------------------------------------------------------------------------------------------+---------------------------------------------------------------------------------------------+
| Global Id | Source Id | Driver Type/Pin | Constraint | Site           | Clock Region | Load Clock Region | Clock Loads | Non-Clock Loads | Clock Period | Clock                                                                                                                                       | Driver Pin                                                                               | Net                                                                                         |
+-----------+-----------+-----------------+------------+----------------+--------------+-------------------+-------------+-----------------+--------------+---------------------------------------------------------------------------------------------------------------------------------------------+------------------------------------------------------------------------------------------+---------------------------------------------------------------------------------------------+
| g0        | src0      | BUFG/O          | None       | BUFGCTRL_X0Y0  | n/a          |                 4 |       14108 |               0 |       12.800 | user_clk_i                                                                                                                                  | aurora_64b66b_rb/inst/clock_module_i/user_clk_net_i/O                                    | aurora_64b66b_rb/inst/clock_module_i/user_clk_i_0                                           |
| g1        | src1      | BUFGCTRL/O      | None       | BUFGCTRL_X0Y1  | n/a          |                 2 |         611 |               0 |        6.400 | aurora_64b66b_rb/inst/aurora_64b66b_0_core_i/aurora_64b66b_0_wrapper_i/aurora_64b66b_0_multi_gt_i/aurora_64b66b_0_gtx_inst/gtxe2_i/RXOUTCLK | aurora_64b66b_rb/inst/aurora_64b66b_0_core_i/aurora_64b66b_0_wrapper_i/rxrecclk_bufg_i/O | aurora_64b66b_rb/inst/aurora_64b66b_0_core_i/aurora_64b66b_0_wrapper_i/rxrecclk_to_fabric_i |
| g2        | src2      | BUFG/O          | None       | BUFGCTRL_X0Y3  | n/a          |                 2 |         473 |               0 |       33.000 | dbg_hub/inst/BSCANID.u_xsdbm_id/SWITCH_N_EXT_BSCAN.bscan_inst/SERIES7_BSCAN.bscan_inst/TCK                                                  | dbg_hub/inst/BSCANID.u_xsdbm_id/SWITCH_N_EXT_BSCAN.u_bufg_icon_tck/O                     | dbg_hub/inst/BSCANID.u_xsdbm_id/itck_i                                                      |
| g3        | src3      | BUFG/O          | None       | BUFGCTRL_X0Y16 | n/a          |                 2 |         284 |               0 |              |                                                                                                                                             | sys_clk_100m_BUFG_inst/O                                                                 | sys_clk_100m_BUFG                                                                           |
| g4        | src0      | BUFG/O          | None       | BUFGCTRL_X0Y2  | n/a          |                 2 |          34 |               0 |        6.400 | sync_clk_i                                                                                                                                  | aurora_64b66b_rb/inst/clock_module_i/sync_clock_net_i/O                                  | aurora_64b66b_rb/inst/clock_module_i/sync_clk_i_0                                           |
| g5        | src1      | BUFG/O          | None       | BUFGCTRL_X0Y4  | n/a          |                 1 |           1 |               0 |        6.400 | aurora_64b66b_rb/inst/aurora_64b66b_0_core_i/aurora_64b66b_0_wrapper_i/aurora_64b66b_0_multi_gt_i/aurora_64b66b_0_gtx_inst/gtxe2_i/TXOUTCLK | aurora_64b66b_rb/inst/clock_module_i/txout_clock_net_i/O                                 | aurora_64b66b_rb/inst/clock_module_i/clk_in_i                                               |
+-----------+-----------+-----------------+------------+----------------+--------------+-------------------+-------------+-----------------+--------------+---------------------------------------------------------------------------------------------------------------------------------------------+------------------------------------------------------------------------------------------+---------------------------------------------------------------------------------------------+
* Clock Loads column represents the clock pin loads (pin count)
** Non-Clock Loads column represents the non-clock pin loads (pin count)


3. Global Clock Source Details
------------------------------

+-----------+-----------+------------------------+--------------------+--------------------+--------------+-------------+-----------------+---------------------+---------------------------------------------------------------------------------------------------------------------------------------------+---------------------------------------------------------------------------------------------------------------------------------------------+------------------------------------------------------------------------------------------------------------------------------------------------+
| Source Id | Global Id | Driver Type/Pin        | Constraint         | Site               | Clock Region | Clock Loads | Non-Clock Loads | Source Clock Period | Source Clock                                                                                                                                | Driver Pin                                                                                                                                  | Net                                                                                                                                            |
+-----------+-----------+------------------------+--------------------+--------------------+--------------+-------------+-----------------+---------------------+---------------------------------------------------------------------------------------------------------------------------------------------+---------------------------------------------------------------------------------------------------------------------------------------------+------------------------------------------------------------------------------------------------------------------------------------------------+
| src0      | g4        | MMCME2_ADV/CLKOUT1     | None               | MMCME2_ADV_X0Y2    | X0Y2         |           1 |               0 |               6.400 | sync_clk_i                                                                                                                                  | aurora_64b66b_rb/inst/clock_module_i/mmcm_adv_inst/CLKOUT1                                                                                  | aurora_64b66b_rb/inst/clock_module_i/sync_clk_i                                                                                                |
| src0      | g0        | MMCME2_ADV/CLKOUT0     | None               | MMCME2_ADV_X0Y2    | X0Y2         |           1 |               0 |              12.800 | user_clk_i                                                                                                                                  | aurora_64b66b_rb/inst/clock_module_i/mmcm_adv_inst/CLKOUT0                                                                                  | aurora_64b66b_rb/inst/clock_module_i/user_clk_i                                                                                                |
| src1      | g1        | GTXE2_CHANNEL/RXOUTCLK | GTXE2_CHANNEL_X0Y7 | GTXE2_CHANNEL_X0Y7 | X1Y1         |           1 |               0 |               6.400 | aurora_64b66b_rb/inst/aurora_64b66b_0_core_i/aurora_64b66b_0_wrapper_i/aurora_64b66b_0_multi_gt_i/aurora_64b66b_0_gtx_inst/gtxe2_i/RXOUTCLK | aurora_64b66b_rb/inst/aurora_64b66b_0_core_i/aurora_64b66b_0_wrapper_i/aurora_64b66b_0_multi_gt_i/aurora_64b66b_0_gtx_inst/gtxe2_i/RXOUTCLK | aurora_64b66b_rb/inst/aurora_64b66b_0_core_i/aurora_64b66b_0_wrapper_i/aurora_64b66b_0_multi_gt_i/aurora_64b66b_0_gtx_inst/rxrecclk_from_gtx_i |
| src1      | g5        | GTXE2_CHANNEL/TXOUTCLK | GTXE2_CHANNEL_X0Y7 | GTXE2_CHANNEL_X0Y7 | X1Y1         |           1 |               0 |               6.400 | aurora_64b66b_rb/inst/aurora_64b66b_0_core_i/aurora_64b66b_0_wrapper_i/aurora_64b66b_0_multi_gt_i/aurora_64b66b_0_gtx_inst/gtxe2_i/TXOUTCLK | aurora_64b66b_rb/inst/aurora_64b66b_0_core_i/aurora_64b66b_0_wrapper_i/aurora_64b66b_0_multi_gt_i/aurora_64b66b_0_gtx_inst/gtxe2_i/TXOUTCLK | aurora_64b66b_rb/inst/aurora_64b66b_0_core_i/aurora_64b66b_0_wrapper_i/aurora_64b66b_0_multi_gt_i/aurora_64b66b_0_gtx_inst/tx_out_clk          |
| src2      | g2        | BSCANE2/TCK            | None               | BSCAN_X0Y0         | X0Y5         |           1 |               0 |              33.000 | dbg_hub/inst/BSCANID.u_xsdbm_id/SWITCH_N_EXT_BSCAN.bscan_inst/SERIES7_BSCAN.bscan_inst/TCK                                                  | dbg_hub/inst/BSCANID.u_xsdbm_id/SWITCH_N_EXT_BSCAN.bscan_inst/SERIES7_BSCAN.bscan_inst/TCK                                                  | dbg_hub/inst/BSCANID.u_xsdbm_id/SWITCH_N_EXT_BSCAN.bscan_inst/tck_bs                                                                           |
| src3      | g3        | IBUFDS/O               | IOB_X1Y272         | IOB_X1Y272         | X1Y5         |           1 |               0 |                     |                                                                                                                                             | IBUFDS_inst/O                                                                                                                               | sys_clk_100m                                                                                                                                   |
+-----------+-----------+------------------------+--------------------+--------------------+--------------+-------------+-----------------+---------------------+---------------------------------------------------------------------------------------------------------------------------------------------+---------------------------------------------------------------------------------------------------------------------------------------------+------------------------------------------------------------------------------------------------------------------------------------------------+
* Clock Loads column represents the clock pin loads (pin count)
** Non-Clock Loads column represents the non-clock pin loads (pin count)


4. Clock Regions: Key Resource Utilization
------------------------------------------

+-------------------+--------------+--------------+--------------+--------------+--------------+--------------+--------------+--------------+--------------+--------------+--------------+--------------+--------------+--------------+--------------+
|                   | Global Clock |     BUFRs    |    BUFMRs    |    BUFIOs    |     MMCM     |      PLL     |      GT      |      PCI     |    ILOGIC    |    OLOGIC    |      FF      |     LUTM     |    RAMB18    |    RAMB36    |    DSP48E2   |
+-------------------+------+-------+------+-------+------+-------+------+-------+------+-------+------+-------+------+-------+------+-------+------+-------+------+-------+------+-------+------+-------+------+-------+------+-------+------+-------+
| Clock Region Name | Used | Avail | Used | Avail | Used | Avail | Used | Avail | Used | Avail | Used | Avail | Used | Avail | Used | Avail | Used | Avail | Used | Avail | Used | Avail | Used | Avail | Used | Avail | Used | Avail | Used | Avail |
+-------------------+------+-------+------+-------+------+-------+------+-------+------+-------+------+-------+------+-------+------+-------+------+-------+------+-------+------+-------+------+-------+------+-------+------+-------+------+-------+
| X0Y0              |    0 |    12 |    0 |     4 |    0 |     2 |    0 |     4 |    0 |     1 |    0 |     1 |    0 |     0 |    0 |     0 |    0 |    50 |    0 |    50 |    0 |  5200 |    0 |  2050 |    0 |   120 |    0 |    60 |    0 |   160 |
| X1Y0              |    1 |    12 |    0 |     0 |    0 |     0 |    0 |     0 |    0 |     0 |    0 |     0 |    0 |     4 |    0 |     0 |    0 |     0 |    0 |     0 | 4080 |  5100 | 2524 |  1950 |    0 |   100 |   20 |    50 |    0 |   140 |
| X0Y1              |    0 |    12 |    0 |     4 |    0 |     2 |    0 |     4 |    0 |     1 |    0 |     1 |    0 |     0 |    0 |     0 |    0 |    50 |    0 |    50 |    0 |  5200 |    0 |  2050 |    0 |   120 |    0 |    60 |    0 |   160 |
| X1Y1              |    5 |    12 |    0 |     0 |    0 |     0 |    0 |     0 |    0 |     0 |    0 |     0 |    1 |     4 |    0 |     0 |    0 |     0 |    0 |     0 | 8681 |  5100 | 4010 |  1950 |    0 |   100 |    9 |    50 |    0 |   140 |
| X0Y2              |    1 |    12 |    0 |     4 |    0 |     2 |    0 |     4 |    1 |     1 |    0 |     1 |    0 |     0 |    0 |     0 |    0 |    50 |    0 |    50 |    0 |  5200 |    0 |  2050 |    0 |   120 |    0 |    60 |    0 |   160 |
| X1Y2              |    5 |    12 |    0 |     0 |    0 |     0 |    0 |     0 |    0 |     0 |    0 |     0 |    0 |     4 |    0 |     0 |    0 |     0 |    0 |     0 |  655 |  5100 |  282 |  1950 |    0 |   100 |    0 |    50 |    0 |   140 |
| X0Y3              |    0 |    12 |    0 |     4 |    0 |     2 |    0 |     4 |    0 |     1 |    0 |     1 |    0 |     0 |    0 |     0 |    0 |    50 |    0 |    50 |    0 |  5200 |    0 |  2050 |    0 |   120 |    0 |    60 |    0 |   160 |
| X1Y3              |    1 |    12 |    0 |     0 |    0 |     0 |    0 |     0 |    0 |     0 |    0 |     0 |    0 |     4 |    0 |     1 |    0 |     0 |    0 |     0 |   24 |  4950 |    9 |  1900 |    0 |    90 |    0 |    45 |    0 |   140 |
| X0Y4              |    0 |    12 |    0 |     4 |    0 |     2 |    0 |     4 |    0 |     1 |    0 |     1 |    0 |     0 |    0 |     0 |    0 |    50 |    0 |    50 |    0 |  5200 |    0 |  2050 |    0 |   120 |    0 |    60 |    0 |   160 |
| X1Y4              |    0 |    12 |    0 |     4 |    0 |     2 |    0 |     4 |    0 |     1 |    0 |     1 |    0 |     0 |    0 |     0 |    0 |    50 |    0 |    50 |    0 |  5500 |    0 |  2050 |    0 |   120 |    0 |    60 |    0 |   140 |
| X0Y5              |    0 |    12 |    0 |     0 |    0 |     0 |    0 |     0 |    0 |     0 |    0 |     0 |    0 |     0 |    0 |     0 |    0 |     0 |    0 |     0 |    0 |  3300 |    0 |  1450 |    0 |    80 |    0 |    40 |    0 |   120 |
| X1Y5              |    0 |    12 |    0 |     4 |    0 |     2 |    0 |     4 |    0 |     1 |    0 |     1 |    0 |     0 |    0 |     0 |    0 |    50 |    0 |    50 |    0 |  5500 |    0 |  2050 |    0 |   120 |    0 |    60 |    0 |   140 |
| X0Y6              |    0 |    12 |    0 |     0 |    0 |     0 |    0 |     0 |    0 |     0 |    0 |     0 |    0 |     0 |    0 |     0 |    0 |     0 |    0 |     0 |    0 |  3300 |    0 |  1450 |    0 |    80 |    0 |    40 |    0 |   120 |
| X1Y6              |    0 |    12 |    0 |     4 |    0 |     2 |    0 |     4 |    0 |     1 |    0 |     1 |    0 |     0 |    0 |     0 |    0 |    50 |    0 |    50 |    0 |  5500 |    0 |  2050 |    0 |   120 |    0 |    60 |    0 |   140 |
+-------------------+------+-------+------+-------+------+-------+------+-------+------+-------+------+-------+------+-------+------+-------+------+-------+------+-------+------+-------+------+-------+------+-------+------+-------+------+-------+
* Global Clock column represents track count; while other columns represents cell counts


5. Clock Regions : Global Clock Summary
---------------------------------------

All Modules
+----+----+----+
|    | X0 | X1 |
+----+----+----+
| Y6 |  0 |  0 |
| Y5 |  0 |  0 |
| Y4 |  0 |  0 |
| Y3 |  0 |  1 |
| Y2 |  1 |  5 |
| Y1 |  0 |  5 |
| Y0 |  0 |  1 |
+----+----+----+


6. Device Cell Placement Summary for Global Clock g0
----------------------------------------------------

+-----------+-----------------+-------------------+------------+-------------+---------------+-------------+----------+----------------+----------+---------------------------------------------------+
| Global Id | Driver Type/Pin | Driver Region (D) | Clock      | Period (ns) | Waveform (ns) | Slice Loads | IO Loads | Clocking Loads | GT Loads | Net                                               |
+-----------+-----------------+-------------------+------------+-------------+---------------+-------------+----------+----------------+----------+---------------------------------------------------+
| g0        | BUFG/O          | n/a               | user_clk_i |      12.800 | {0.000 6.400} |       13426 |        0 |              0 |        1 | aurora_64b66b_rb/inst/clock_module_i/user_clk_i_0 |
+-----------+-----------------+-------------------+------------+-------------+---------------+-------------+----------+----------------+----------+---------------------------------------------------+
* Logic Loads column represents load cell count of all cell types other than IO, GT and clock resources
** IO Loads column represents load cell count of IO types
*** Clocking Loads column represents load cell count that are clock resources (global clock buffer, MMCM, PLL, etc)
**** GT Loads column represents load cell count of GT types


+----+----+-------+
|    | X0 | X1    |
+----+----+-------+
| Y6 |  0 |     0 |
| Y5 |  0 |     0 |
| Y4 |  0 |     0 |
| Y3 |  0 |    24 |
| Y2 |  0 |   102 |
| Y1 |  0 |  8463 |
| Y0 |  0 |  4838 |
+----+----+-------+


7. Device Cell Placement Summary for Global Clock g1
----------------------------------------------------

+-----------+-----------------+-------------------+---------------------------------------------------------------------------------------------------------------------------------------------+-------------+---------------+-------------+----------+----------------+----------+---------------------------------------------------------------------------------------------+
| Global Id | Driver Type/Pin | Driver Region (D) | Clock                                                                                                                                       | Period (ns) | Waveform (ns) | Slice Loads | IO Loads | Clocking Loads | GT Loads | Net                                                                                         |
+-----------+-----------------+-------------------+---------------------------------------------------------------------------------------------------------------------------------------------+-------------+---------------+-------------+----------+----------------+----------+---------------------------------------------------------------------------------------------+
| g1        | BUFGCTRL/O      | n/a               | aurora_64b66b_rb/inst/aurora_64b66b_0_core_i/aurora_64b66b_0_wrapper_i/aurora_64b66b_0_multi_gt_i/aurora_64b66b_0_gtx_inst/gtxe2_i/RXOUTCLK |       6.400 | {0.000 3.200} |         609 |        0 |              0 |        1 | aurora_64b66b_rb/inst/aurora_64b66b_0_core_i/aurora_64b66b_0_wrapper_i/rxrecclk_to_fabric_i |
+-----------+-----------------+-------------------+---------------------------------------------------------------------------------------------------------------------------------------------+-------------+---------------+-------------+----------+----------------+----------+---------------------------------------------------------------------------------------------+
* Logic Loads column represents load cell count of all cell types other than IO, GT and clock resources
** IO Loads column represents load cell count of IO types
*** Clocking Loads column represents load cell count that are clock resources (global clock buffer, MMCM, PLL, etc)
**** GT Loads column represents load cell count of GT types


+----+----+------+
|    | X0 | X1   |
+----+----+------+
| Y6 |  0 |    0 |
| Y5 |  0 |    0 |
| Y4 |  0 |    0 |
| Y3 |  0 |    0 |
| Y2 |  0 |   62 |
| Y1 |  0 |  548 |
| Y0 |  0 |    0 |
+----+----+------+


8. Device Cell Placement Summary for Global Clock g2
----------------------------------------------------

+-----------+-----------------+-------------------+--------------------------------------------------------------------------------------------+-------------+----------------+-------------+----------+----------------+----------+----------------------------------------+
| Global Id | Driver Type/Pin | Driver Region (D) | Clock                                                                                      | Period (ns) | Waveform (ns)  | Slice Loads | IO Loads | Clocking Loads | GT Loads | Net                                    |
+-----------+-----------------+-------------------+--------------------------------------------------------------------------------------------+-------------+----------------+-------------+----------+----------------+----------+----------------------------------------+
| g2        | BUFG/O          | n/a               | dbg_hub/inst/BSCANID.u_xsdbm_id/SWITCH_N_EXT_BSCAN.bscan_inst/SERIES7_BSCAN.bscan_inst/TCK |      33.000 | {0.000 16.500} |         470 |        0 |              0 |        0 | dbg_hub/inst/BSCANID.u_xsdbm_id/itck_i |
+-----------+-----------------+-------------------+--------------------------------------------------------------------------------------------+-------------+----------------+-------------+----------+----------------+----------+----------------------------------------+
* Logic Loads column represents load cell count of all cell types other than IO, GT and clock resources
** IO Loads column represents load cell count of IO types
*** Clocking Loads column represents load cell count that are clock resources (global clock buffer, MMCM, PLL, etc)
**** GT Loads column represents load cell count of GT types


+----+----+------+
|    | X0 | X1   |
+----+----+------+
| Y6 |  0 |    0 |
| Y5 |  0 |    0 |
| Y4 |  0 |    0 |
| Y3 |  0 |    0 |
| Y2 |  0 |  186 |
| Y1 |  0 |  284 |
| Y0 |  0 |    0 |
+----+----+------+


9. Device Cell Placement Summary for Global Clock g3
----------------------------------------------------

+-----------+-----------------+-------------------+-------+-------------+---------------+-------------+----------+----------------+----------+-------------------+
| Global Id | Driver Type/Pin | Driver Region (D) | Clock | Period (ns) | Waveform (ns) | Slice Loads | IO Loads | Clocking Loads | GT Loads | Net               |
+-----------+-----------------+-------------------+-------+-------------+---------------+-------------+----------+----------------+----------+-------------------+
| g3        | BUFG/O          | n/a               |       |             |               |         280 |        0 |              0 |        2 | sys_clk_100m_BUFG |
+-----------+-----------------+-------------------+-------+-------------+---------------+-------------+----------+----------------+----------+-------------------+
* Logic Loads column represents load cell count of all cell types other than IO, GT and clock resources
** IO Loads column represents load cell count of IO types
*** Clocking Loads column represents load cell count that are clock resources (global clock buffer, MMCM, PLL, etc)
**** GT Loads column represents load cell count of GT types


+----+----+------+
|    | X0 | X1   |
+----+----+------+
| Y6 |  0 |    0 |
| Y5 |  0 |    0 |
| Y4 |  0 |    0 |
| Y3 |  0 |    0 |
| Y2 |  0 |  274 |
| Y1 |  0 |    8 |
| Y0 |  0 |    0 |
+----+----+------+


10. Device Cell Placement Summary for Global Clock g4
-----------------------------------------------------

+-----------+-----------------+-------------------+------------+-------------+---------------+-------------+----------+----------------+----------+---------------------------------------------------+
| Global Id | Driver Type/Pin | Driver Region (D) | Clock      | Period (ns) | Waveform (ns) | Slice Loads | IO Loads | Clocking Loads | GT Loads | Net                                               |
+-----------+-----------------+-------------------+------------+-------------+---------------+-------------+----------+----------------+----------+---------------------------------------------------+
| g4        | BUFG/O          | n/a               | sync_clk_i |       6.400 | {0.000 3.200} |          33 |        0 |              0 |        1 | aurora_64b66b_rb/inst/clock_module_i/sync_clk_i_0 |
+-----------+-----------------+-------------------+------------+-------------+---------------+-------------+----------+----------------+----------+---------------------------------------------------+
* Logic Loads column represents load cell count of all cell types other than IO, GT and clock resources
** IO Loads column represents load cell count of IO types
*** Clocking Loads column represents load cell count that are clock resources (global clock buffer, MMCM, PLL, etc)
**** GT Loads column represents load cell count of GT types


+----+----+-----+
|    | X0 | X1  |
+----+----+-----+
| Y6 |  0 |   0 |
| Y5 |  0 |   0 |
| Y4 |  0 |   0 |
| Y3 |  0 |   0 |
| Y2 |  0 |  33 |
| Y1 |  0 |   1 |
| Y0 |  0 |   0 |
+----+----+-----+


11. Device Cell Placement Summary for Global Clock g5
-----------------------------------------------------

+-----------+-----------------+-------------------+---------------------------------------------------------------------------------------------------------------------------------------------+-------------+---------------+-------------+----------+----------------+----------+-----------------------------------------------+
| Global Id | Driver Type/Pin | Driver Region (D) | Clock                                                                                                                                       | Period (ns) | Waveform (ns) | Slice Loads | IO Loads | Clocking Loads | GT Loads | Net                                           |
+-----------+-----------------+-------------------+---------------------------------------------------------------------------------------------------------------------------------------------+-------------+---------------+-------------+----------+----------------+----------+-----------------------------------------------+
| g5        | BUFG/O          | n/a               | aurora_64b66b_rb/inst/aurora_64b66b_0_core_i/aurora_64b66b_0_wrapper_i/aurora_64b66b_0_multi_gt_i/aurora_64b66b_0_gtx_inst/gtxe2_i/TXOUTCLK |       6.400 | {0.000 3.200} |           0 |        0 |              1 |        0 | aurora_64b66b_rb/inst/clock_module_i/clk_in_i |
+-----------+-----------------+-------------------+---------------------------------------------------------------------------------------------------------------------------------------------+-------------+---------------+-------------+----------+----------------+----------+-----------------------------------------------+
* Logic Loads column represents load cell count of all cell types other than IO, GT and clock resources
** IO Loads column represents load cell count of IO types
*** Clocking Loads column represents load cell count that are clock resources (global clock buffer, MMCM, PLL, etc)
**** GT Loads column represents load cell count of GT types


+----+----+----+
|    | X0 | X1 |
+----+----+----+
| Y6 |  0 |  0 |
| Y5 |  0 |  0 |
| Y4 |  0 |  0 |
| Y3 |  0 |  0 |
| Y2 |  1 |  0 |
| Y1 |  0 |  0 |
| Y0 |  0 |  0 |
+----+----+----+


12. Clock Region Cell Placement per Global Clock: Region X1Y0
-------------------------------------------------------------

+-----------+-------+-----------------+------------+-------------+-----------------+------+--------+------+-----+----+------+-----+---------+---------------------------------------------------+
| Global Id | Track | Driver Type/Pin | Constraint | Clock Loads | Non-Clock Loads | FF   | LUTRAM | RAMB | DSP | GT | MMCM | PLL | Hard IP | Net                                               |
+-----------+-------+-----------------+------------+-------------+-----------------+------+--------+------+-----+----+------+-----+---------+---------------------------------------------------+
| g0        | n/a   | BUFG/O          | None       |        4838 |               0 | 4080 |    738 |   20 |   0 |  0 |    0 |   0 |       0 | aurora_64b66b_rb/inst/clock_module_i/user_clk_i_0 |
+-----------+-------+-----------------+------------+-------------+-----------------+------+--------+------+-----+----+------+-----+---------+---------------------------------------------------+
* Clock Loads column represents the clock pin loads (pin count)
** Non-Clock Loads column represents the non-clock pin loads (pin count)
*** Columns FF, LUTRAM, RAMB through 'Hard IP' represents load cell counts


13. Clock Region Cell Placement per Global Clock: Region X1Y1
-------------------------------------------------------------

+-----------+-------+-----------------+------------+-------------+-----------------+------+--------+------+-----+----+------+-----+---------+---------------------------------------------------------------------------------------------+
| Global Id | Track | Driver Type/Pin | Constraint | Clock Loads | Non-Clock Loads | FF   | LUTRAM | RAMB | DSP | GT | MMCM | PLL | Hard IP | Net                                                                                         |
+-----------+-------+-----------------+------------+-------------+-----------------+------+--------+------+-----+----+------+-----+---------+---------------------------------------------------------------------------------------------+
| g0        | n/a   | BUFG/O          | None       |        8463 |               0 | 7922 |    529 |    9 |   0 |  1 |    0 |   0 |       0 | aurora_64b66b_rb/inst/clock_module_i/user_clk_i_0                                           |
| g1        | n/a   | BUFGCTRL/O      | None       |         548 |               0 |  469 |     77 |    1 |   0 |  1 |    0 |   0 |       0 | aurora_64b66b_rb/inst/aurora_64b66b_0_core_i/aurora_64b66b_0_wrapper_i/rxrecclk_to_fabric_i |
| g2        | n/a   | BUFG/O          | None       |         284 |               0 |  284 |      0 |    0 |   0 |  0 |    0 |   0 |       0 | dbg_hub/inst/BSCANID.u_xsdbm_id/itck_i                                                      |
| g3        | n/a   | BUFG/O          | None       |           8 |               0 |    6 |      0 |    0 |   0 |  1 |    0 |   0 |       0 | sys_clk_100m_BUFG                                                                           |
| g4        | n/a   | BUFG/O          | None       |           1 |               0 |    0 |      0 |    0 |   0 |  1 |    0 |   0 |       0 | aurora_64b66b_rb/inst/clock_module_i/sync_clk_i_0                                           |
+-----------+-------+-----------------+------------+-------------+-----------------+------+--------+------+-----+----+------+-----+---------+---------------------------------------------------------------------------------------------+
* Clock Loads column represents the clock pin loads (pin count)
** Non-Clock Loads column represents the non-clock pin loads (pin count)
*** Columns FF, LUTRAM, RAMB through 'Hard IP' represents load cell counts


14. Clock Region Cell Placement per Global Clock: Region X0Y2
-------------------------------------------------------------

+-----------+-------+-----------------+------------+-------------+-----------------+----+--------+------+-----+----+------+-----+---------+-----------------------------------------------+
| Global Id | Track | Driver Type/Pin | Constraint | Clock Loads | Non-Clock Loads | FF | LUTRAM | RAMB | DSP | GT | MMCM | PLL | Hard IP | Net                                           |
+-----------+-------+-----------------+------------+-------------+-----------------+----+--------+------+-----+----+------+-----+---------+-----------------------------------------------+
| g5        | n/a   | BUFG/O          | None       |           1 |               0 |  0 |      0 |    0 |   0 |  0 |    1 |   0 |       0 | aurora_64b66b_rb/inst/clock_module_i/clk_in_i |
+-----------+-------+-----------------+------------+-------------+-----------------+----+--------+------+-----+----+------+-----+---------+-----------------------------------------------+
* Clock Loads column represents the clock pin loads (pin count)
** Non-Clock Loads column represents the non-clock pin loads (pin count)
*** Columns FF, LUTRAM, RAMB through 'Hard IP' represents load cell counts


15. Clock Region Cell Placement per Global Clock: Region X1Y2
-------------------------------------------------------------

+-----------+-------+-----------------+------------+-------------+-----------------+-----+--------+------+-----+----+------+-----+---------+---------------------------------------------------------------------------------------------+
| Global Id | Track | Driver Type/Pin | Constraint | Clock Loads | Non-Clock Loads | FF  | LUTRAM | RAMB | DSP | GT | MMCM | PLL | Hard IP | Net                                                                                         |
+-----------+-------+-----------------+------------+-------------+-----------------+-----+--------+------+-----+----+------+-----+---------+---------------------------------------------------------------------------------------------+
| g0        | n/a   | BUFG/O          | None       |         102 |               0 | 102 |      0 |    0 |   0 |  0 |    0 |   0 |       0 | aurora_64b66b_rb/inst/clock_module_i/user_clk_i_0                                           |
| g1        | n/a   | BUFGCTRL/O      | None       |          62 |               0 |  62 |      0 |    0 |   0 |  0 |    0 |   0 |       0 | aurora_64b66b_rb/inst/aurora_64b66b_0_core_i/aurora_64b66b_0_wrapper_i/rxrecclk_to_fabric_i |
| g2        | n/a   | BUFG/O          | None       |         186 |               0 | 186 |      0 |    0 |   0 |  0 |    0 |   0 |       0 | dbg_hub/inst/BSCANID.u_xsdbm_id/itck_i                                                      |
| g3        | n/a   | BUFG/O          | None       |         274 |               0 | 272 |      2 |    0 |   0 |  0 |    0 |   0 |       0 | sys_clk_100m_BUFG                                                                           |
| g4        | n/a   | BUFG/O          | None       |          33 |               0 |  33 |      0 |    0 |   0 |  0 |    0 |   0 |       0 | aurora_64b66b_rb/inst/clock_module_i/sync_clk_i_0                                           |
+-----------+-------+-----------------+------------+-------------+-----------------+-----+--------+------+-----+----+------+-----+---------+---------------------------------------------------------------------------------------------+
* Clock Loads column represents the clock pin loads (pin count)
** Non-Clock Loads column represents the non-clock pin loads (pin count)
*** Columns FF, LUTRAM, RAMB through 'Hard IP' represents load cell counts


16. Clock Region Cell Placement per Global Clock: Region X1Y3
-------------------------------------------------------------

+-----------+-------+-----------------+------------+-------------+-----------------+----+--------+------+-----+----+------+-----+---------+---------------------------------------------------+
| Global Id | Track | Driver Type/Pin | Constraint | Clock Loads | Non-Clock Loads | FF | LUTRAM | RAMB | DSP | GT | MMCM | PLL | Hard IP | Net                                               |
+-----------+-------+-----------------+------------+-------------+-----------------+----+--------+------+-----+----+------+-----+---------+---------------------------------------------------+
| g0        | n/a   | BUFG/O          | None       |          24 |               0 | 24 |      0 |    0 |   0 |  0 |    0 |   0 |       0 | aurora_64b66b_rb/inst/clock_module_i/user_clk_i_0 |
+-----------+-------+-----------------+------------+-------------+-----------------+----+--------+------+-----+----+------+-----+---------+---------------------------------------------------+
* Clock Loads column represents the clock pin loads (pin count)
** Non-Clock Loads column represents the non-clock pin loads (pin count)
*** Columns FF, LUTRAM, RAMB through 'Hard IP' represents load cell counts



# Location of BUFG Primitives 
set_property LOC BUFGCTRL_X0Y16 [get_cells sys_clk_100m_BUFG_inst]
set_property LOC BUFGCTRL_X0Y3 [get_cells dbg_hub/inst/BSCANID.u_xsdbm_id/SWITCH_N_EXT_BSCAN.u_bufg_icon_tck]
set_property LOC BUFGCTRL_X0Y0 [get_cells aurora_64b66b_rb/inst/clock_module_i/user_clk_net_i]
set_property LOC BUFGCTRL_X0Y2 [get_cells aurora_64b66b_rb/inst/clock_module_i/sync_clock_net_i]
set_property LOC BUFGCTRL_X0Y4 [get_cells aurora_64b66b_rb/inst/clock_module_i/txout_clock_net_i]
set_property LOC BUFGCTRL_X0Y1 [get_cells aurora_64b66b_rb/inst/aurora_64b66b_0_core_i/aurora_64b66b_0_wrapper_i/rxrecclk_bufg_i]

# Location of IO Primitives which is load of clock spine

# Location of clock ports
set_property LOC IOB_X1Y271 [get_ports sys_clk_n]
set_property LOC IOB_X1Y272 [get_ports sys_clk_p]

# Clock net "sys_clk_100m_BUFG" driven by instance "sys_clk_100m_BUFG_inst" located at site "BUFGCTRL_X0Y16"
#startgroup
create_pblock {CLKAG_sys_clk_100m_BUFG}
add_cells_to_pblock [get_pblocks  {CLKAG_sys_clk_100m_BUFG}] [get_cells -filter { PRIMITIVE_GROUP != I/O && IS_PRIMITIVE==1 && PRIMITIVE_LEVEL !=INTERNAL } -of_object [get_pins -filter {DIRECTION==IN} -of_objects [get_nets -hierarchical -filter {PARENT=="sys_clk_100m_BUFG"}]]]
resize_pblock [get_pblocks {CLKAG_sys_clk_100m_BUFG}] -add {CLOCKREGION_X1Y1:CLOCKREGION_X1Y1 CLOCKREGION_X1Y2:CLOCKREGION_X1Y2}
#endgroup

# Clock net "dbg_hub/inst/BSCANID.u_xsdbm_id/itck_i" driven by instance "dbg_hub/inst/BSCANID.u_xsdbm_id/SWITCH_N_EXT_BSCAN.u_bufg_icon_tck" located at site "BUFGCTRL_X0Y3"
#startgroup
create_pblock {CLKAG_dbg_hub/inst/BSCANID.u_xsdbm_id/itck_i}
add_cells_to_pblock [get_pblocks  {CLKAG_dbg_hub/inst/BSCANID.u_xsdbm_id/itck_i}] [get_cells -filter { PRIMITIVE_GROUP != I/O && IS_PRIMITIVE==1 && PRIMITIVE_LEVEL !=INTERNAL } -of_object [get_pins -filter {DIRECTION==IN} -of_objects [get_nets -hierarchical -filter {PARENT=="dbg_hub/inst/BSCANID.u_xsdbm_id/itck_i"}]]]
resize_pblock [get_pblocks {CLKAG_dbg_hub/inst/BSCANID.u_xsdbm_id/itck_i}] -add {CLOCKREGION_X1Y1:CLOCKREGION_X1Y1 CLOCKREGION_X1Y2:CLOCKREGION_X1Y2}
#endgroup

# Clock net "aurora_64b66b_rb/inst/clock_module_i/user_clk_i_0" driven by instance "aurora_64b66b_rb/inst/clock_module_i/user_clk_net_i" located at site "BUFGCTRL_X0Y0"
#startgroup
create_pblock {CLKAG_aurora_64b66b_rb/inst/clock_module_i/user_clk_i_0}
add_cells_to_pblock [get_pblocks  {CLKAG_aurora_64b66b_rb/inst/clock_module_i/user_clk_i_0}] [get_cells -filter { PRIMITIVE_GROUP != I/O && IS_PRIMITIVE==1 && PRIMITIVE_LEVEL !=INTERNAL } -of_object [get_pins -filter {DIRECTION==IN} -of_objects [get_nets -hierarchical -filter {PARENT=="aurora_64b66b_rb/inst/clock_module_i/user_clk_i_0"}]]]
resize_pblock [get_pblocks {CLKAG_aurora_64b66b_rb/inst/clock_module_i/user_clk_i_0}] -add {CLOCKREGION_X1Y0:CLOCKREGION_X1Y0 CLOCKREGION_X1Y1:CLOCKREGION_X1Y1 CLOCKREGION_X1Y2:CLOCKREGION_X1Y2 CLOCKREGION_X1Y3:CLOCKREGION_X1Y3}
#endgroup

# Clock net "aurora_64b66b_rb/inst/clock_module_i/sync_clk_i_0" driven by instance "aurora_64b66b_rb/inst/clock_module_i/sync_clock_net_i" located at site "BUFGCTRL_X0Y2"
#startgroup
create_pblock {CLKAG_aurora_64b66b_rb/inst/clock_module_i/sync_clk_i_0}
add_cells_to_pblock [get_pblocks  {CLKAG_aurora_64b66b_rb/inst/clock_module_i/sync_clk_i_0}] [get_cells -filter { PRIMITIVE_GROUP != I/O && IS_PRIMITIVE==1 && PRIMITIVE_LEVEL !=INTERNAL } -of_object [get_pins -filter {DIRECTION==IN} -of_objects [get_nets -hierarchical -filter {PARENT=="aurora_64b66b_rb/inst/clock_module_i/sync_clk_i_0"}]]]
resize_pblock [get_pblocks {CLKAG_aurora_64b66b_rb/inst/clock_module_i/sync_clk_i_0}] -add {CLOCKREGION_X1Y1:CLOCKREGION_X1Y1 CLOCKREGION_X1Y2:CLOCKREGION_X1Y2}
#endgroup

# Clock net "aurora_64b66b_rb/inst/aurora_64b66b_0_core_i/aurora_64b66b_0_wrapper_i/rxrecclk_to_fabric_i" driven by instance "aurora_64b66b_rb/inst/aurora_64b66b_0_core_i/aurora_64b66b_0_wrapper_i/rxrecclk_bufg_i" located at site "BUFGCTRL_X0Y1"
#startgroup
create_pblock {CLKAG_aurora_64b66b_rb/inst/aurora_64b66b_0_core_i/aurora_64b66b_0_wrapper_i/rxrecclk_to_fabric_i}
add_cells_to_pblock [get_pblocks  {CLKAG_aurora_64b66b_rb/inst/aurora_64b66b_0_core_i/aurora_64b66b_0_wrapper_i/rxrecclk_to_fabric_i}] [get_cells -filter { PRIMITIVE_GROUP != I/O && IS_PRIMITIVE==1 && PRIMITIVE_LEVEL !=INTERNAL } -of_object [get_pins -filter {DIRECTION==IN} -of_objects [get_nets -hierarchical -filter {PARENT=="aurora_64b66b_rb/inst/aurora_64b66b_0_core_i/aurora_64b66b_0_wrapper_i/rxrecclk_to_fabric_i"}]]]
resize_pblock [get_pblocks {CLKAG_aurora_64b66b_rb/inst/aurora_64b66b_0_core_i/aurora_64b66b_0_wrapper_i/rxrecclk_to_fabric_i}] -add {CLOCKREGION_X1Y1:CLOCKREGION_X1Y1 CLOCKREGION_X1Y2:CLOCKREGION_X1Y2}
#endgroup
